{
  "type": "svelte",
  "fileName": "Slot.svelte",
  "filePath": "tests/test-files/Slot.svelte",
  "componentName": "Slot",
  "props": [],
  "events": [],
  "slots": [
    {
      "name": "default",
      "props": []
    }
  ],
  "exports": []
}